// Jest Snapshot v1, https://goo.gl/fbAQLP

exports[`Tests in GifCollection Should show the component correctly 1`] = `
<div
  className="card"
>
  <img
    alt="some title"
    src="https://localhost/algo.jpg"
  />
  <p>
    some title
  </p>
</div>
`;
